// Jest Snapshot v1, https://goo.gl/fbAQLP

exports[`HomePage matches snapshot 1`] = `
<section
  className="editorPage"
>
  Editor goes here
</section>
`;
